60,70,80,1.669549
61,71,81,1.615752
62,72,82,1.691514
63,73,83,1.611353
64,74,84,1.756158
65,75,85,1.798713
66,76,86,1.701120
67,77,87,1.610542
68,78,88,1.769287
69,79,89,1.657569
